O O O O O O O O O B-day O O O O O O ||| O O O O O O O O O B-dest I-dest O
O O O O O B-depart O ||| O O O O O B-depart O O O B-dest
O O O O O O O O O O O B-depart O ||| O O O O O O B-dest O
O O O O O B-area O O O O O O O O O ||| O O O O O B-depart O B-dest I-dest O
O O O O O O B-dest O ||| O O O O O O B-depart O
O O O O O O O O O B-day O O O O O O ||| O O O O O O O B-people O O
O O O O O O B-dest O ||| O O O O O B-dest O
O O O O O O O B-people O ||| O O O O O O O B-people O
O O O O O O O O O O B-dest I-dest O ||| O O O O O B-depart I-depart O O O B-dest
O O O O O B-dest O O O ||| O O O O O O B-dest
O O O O O O O B-people O ||| O O O O O O O O O O O O O O O O O B-depart O O O O O O O O O O O B-day O
O O O O O O O B-area O O O O O O O O O O O O ||| O O O O O B-type O O O O O
O O O O O O O O O B-day O O O O O O ||| O O O O O O O O B-dest O O O O O O
O O O O B-day O O O B-dest O ||| O O O O B-dest O
O O O O O B-dest O O O ||| O O O O O B-dest O
O O O O O O O B-people O ||| B-day O O O O
O O O O O O O O B-dest O O O O O O ||| O O O O O O O O O B-dest I-dest O
O O O O O B-dest O O B-day I-day O O O O O O O ||| O O O O O O O B-day O
O O O O O B-depart I-depart O O O B-dest ||| O O O O O O O O O O O O B-depart I-depart O O O O B-day
O O O O O O O B-people O O ||| O O O O O O O O B-dest O O O O O O
O O O O O B-dest O B-day ||| O O O O O B-day O
O O O O O O O B-day O ||| O O O O O B-dest O
O O O O O O O O O B-dest I-dest O ||| O O O O O O O B-people O O
O O O O B-type O O O O O O ||| O O O O O B-dest O
O O O O O O O O O B-day O O O O O O ||| O O O O O O O O O O B-dest I-dest O
O O O O O B-day O O O O O O O B-dest O ||| O O O O O B-day O O O O O O O B-dest O
O O O O O O O O O B-day O O O O O O ||| O O O O O O O O O O B-dest I-dest O
O O O O O B-depart O B-dest O ||| O O O O O B-dest O O O
O O O O O O O O O B-day O O O O O O ||| O O O O O O O B-depart O B-dest O
O O O O O O O O O O B-people O O ||| O O O O O O B-people O O
O O O O O O B-depart O B-dest I-dest ||| O O O O O O O B-depart O B-dest O
O O O O O O O O B-area O ||| O O O O O O O O O O O O O O O O B-type O O
O O O O O O O O O B-day O O O O O O ||| O O O O O O B-depart O B-dest I-dest
O O O O O B-dest O ||| O O O O O B-dest O O O
O O O O O O B-dest O ||| O O O O O O O O O B-area O
O O O O B-dest O B-day O ||| O O O O O O O O O O O O O O O O O O B-dest O
O O O O B-people O B-day O ||| O O O O O O B-stay O O O B-day O
O O O O O O O B-area O ||| O O O O O O B-dest O
O O O O B-depart O B-day O ||| O O O O O B-dest O
O O O O O O O O O B-day O O O O O O ||| O O O O O O O O O O O O O O B-depart O
O O O O B-dest I-dest ||| O O O O O O O O O O O O B-dest I-dest O
O O O O O O O O O B-day O O O O O O ||| O O O O O O O B-depart O B-dest O
O O O O O O B-depart O B-dest I-dest ||| O O O O O B-type O O O
O O O O O O O O O B-day O O O O O O ||| O O O O O O O O O O O O O B-depart O B-dest O O O O O B-day O
O O O O O O O B-depart O B-dest O ||| O O O O O O B-depart O B-dest I-dest
O O O O O O B-dest O ||| O O O O O O B-dest O B-depart I-depart O
O O O O O B-day O O O O O O O B-dest O ||| O O O O O B-dest O B-day O
O O O O O O O O B-stars O B-type O ||| O O O O O O O O O B-people O O B-stay O O O B-day O
O O O O O B-dest O O O ||| O O O O O O B-depart O B-dest I-dest
O O O O O O B-day O ||| O O O O O O O O O B-area O
O O O O B-people O B-day O ||| O O O O O B-day O
O O O O O O O O O O B-dest I-dest O ||| O O O O O O O O B-dest I-dest O
O O O O O O O O O B-dest I-dest O ||| O O O O O O O B-people O O
O O O O O O O B-day O ||| O O O O O B-dest O O B-day I-day O O O O O O O
O O O O O O O O O B-day O O O O O O ||| O O O O O O B-depart O B-dest I-dest
O O O O O O O O O B-dest I-dest O ||| O O O O O O B-depart O B-dest I-dest
O O O O O O O O O O B-dest I-dest O ||| O O O O O O O B-depart O B-dest O
O O O O O O O O O B-day O O O O O O ||| O O O O O O B-depart O B-dest I-dest
O O O O O O O O O B-day O O O O O O ||| O O O O O O O O O B-dest I-dest O
O O O O O B-dest O ||| O O O O O B-dest O O B-day I-day O O O O O O O
O O O O O O B-dest O ||| O O O O O O B-dest O
O O O O O B-dest O O O ||| O O O O O O O O O O B-dest I-dest O
O O O O B-dest O B-day O ||| O O O O O O B-depart O B-day O
O O O O O O B-dest ||| O O O O O B-dest O O O
O O O O O O O O B-dest O O O O O O ||| O O O O O O O O O B-day O O O O O O
O O O O O O O O O B-dest I-dest O ||| O O O O O O O O O O O B-depart O O
O O O O O O O O O B-day O O O O O O ||| O O O O O O B-depart O B-dest I-dest
O O O O O O O O O O B-dest I-dest O ||| O O O O O B-depart I-depart O O O B-dest
O O O O O O O O O O O O O B-area O ||| O O O O O O O B-type O O O O
O O O O O O O O B-people O ||| O O O O B-stay O O O O O O O
O O O O O O O O O O O O O O B-depart O ||| O O O O O O O O O B-day O O O O O O
O O O O O O O O O B-day O O O O O O ||| O O O O O O O B-depart O B-dest O
O O O O B-dest O B-day O ||| O O O O O B-dest O
O O O O O O O O O B-dest I-dest O ||| O O O O O O O B-people O O
O O O O O O O B-type O O O O ||| O O O O O B-day O O O O O O O B-dest O
O O O O O O O B-people O ||| O O O O O O O B-people O
O O O O O O O O O O O B-people O O B-stay O O O B-day O ||| O B-price I-price I-price I-price I-price O O O O O O O O O O B-people O O B-stay O O O B-day O
O O O O O O B-dest O ||| O O O O B-depart O B-day O
O O O O O O O O O B-day O O O O O O ||| O O O O O O O B-depart O B-dest O
O O O O O B-dest O O B-day I-day O O O O O O O ||| O O O O B-day O O O B-dest O
O O O O O O O O O B-dest I-dest O ||| O O O O O O O O O O B-dest I-dest O
O O O O O B-depart O O O B-dest ||| O O O O O O B-dest O
O O O O O O B-depart O B-dest I-dest ||| O O O O O O O O O B-day O O O O O O
O O O O O B-dest O O B-day I-day O O O O O O O ||| O O O O O O O B-people O
O O O O O O B-depart O B-dest I-dest ||| O O O O O O O O O B-day O O O O O O
O O O O O O B-dest O ||| O O O O O B-dest O
O O O O O B-depart I-depart O O O B-dest ||| O O O O O O B-depart O B-dest I-dest
O O O O O O O B-depart O B-dest O ||| O O O O O O B-depart O B-dest O
O O O O O O O B-people O ||| O O O O O O O B-people O
O O O O O O O B-people O ||| O O O O O O O B-people O
O O O O B-dest O ||| O O O O O B-dest O O O
O O O O B-dest O B-day O ||| O O O O O B-type O O B-area O O O O O O O O
O O O O O B-type O O O O B-area O O O ||| O O O O O B-dest O O O
O O O O O O B-people O O O O O O O B-stay O O O B-day O ||| O B-price I-price I-price I-price I-price O O O O O O O O O O B-people O O B-stay O O O B-day O
O O O O O O O O O B-day O O O O O O ||| O O O O O O O O O O O O O O B-depart O
O O O O O O O O O O B-dest I-dest O ||| O O O O O O O O O B-day O O O O O O
O O O O O O O O O O B-people O O ||| O O O O O O O O O B-dest I-dest O
O O O O O B-type O O O O B-area O O O ||| O O O O O B-stay O O B-day O
O O O O O O O O O B-day O O O O O O ||| O O O O O O O B-depart O B-dest O
O O O O O O O O O B-day O O O O O O ||| O O O O O O O O O B-dest I-dest O
O O O O O O O B-day O ||| O O O O O O O B-depart O O O B-dest O O O O O
O O O O O O O O B-dest O O O O O O ||| O O O O O B-dest O
O O O O O O O O O B-day O O O O O O ||| O O O O O O O O O O O O B-depart I-depart O O O O B-day
O O O O O O O B-area O ||| O O O O O O O O B-dest O O O O O O
O O O O B-day O ||| O O O O O O O O O B-day O
O O O O O O O O O B-dest I-dest O ||| O O O O O O O O O B-day O O O O O O
O O O O O O O O O B-day O O O O O O ||| O O O O O O O O O B-dest I-dest O
O O O O O B-dest O B-day ||| O O O O O O O B-day O O O O O O O O
O O O O B-depart O B-day O ||| O O O O O B-dest O B-day O
O O O O O O O B-stay O O B-day O O O B-people O O O ||| O O O O O B-people O O B-stay O O O B-day O
O O O O O O O O O B-dest I-dest O ||| O O O O O O O O O B-day O O O O O O
O O O O O O O O O B-day O O O O O O ||| O O O O O O B-depart O B-dest I-dest
O O O O O O O O O B-dest I-dest O ||| O O O O O O O O O O B-dest I-dest O
O O O O O O O B-people O O ||| O O O O O O O O B-people O O O O O O O
O O O O O O O O O B-dest I-dest O ||| O O O O O O O O O O B-dest I-dest O
O O O O O B-dest O O O ||| O O O O O B-dest O
O O O O O O O O B-dest O O O O O O ||| O O O O O O O O O B-day O O O O O O
O O O O O B-dest O O O ||| O O O O O O B-dest
O O O O O O O O B-dest O O O O O O ||| O O O O O O O O O B-dest I-dest O
O O O O O O O O O B-dest I-dest O ||| O O O O O O O O O B-day O O O O O O
O O O O O O O O O B-day O O O O O O ||| O O O O O O O O O B-dest I-dest O
O O O O O O B-dest O ||| O O O O O O B-dest O
O O O O O O O O O B-day O O O O O O ||| O O O O O O O B-people O O
O O O O O O O O O B-day O O O O O O ||| O O O O O O O B-depart O B-dest O
O O O O O O B-depart O B-dest I-dest ||| O O O O O O O O O B-day O O O O O O
O O O O O O O O B-dest O O O O O O ||| O O O O O B-dest O O O
O O O O O B-dest O O O ||| O O O O O O B-dest
O O O O B-dest ||| O O B-dest O
O O O O O B-dest O B-day O ||| O O O O O B-day O O O O O O O B-dest O
O O O O O O O O O O B-dest I-dest O ||| O O O O O O O O O B-day O O O O O O
O O O O O O B-depart O B-dest I-dest ||| O O O O O O O O O B-day O O O O O O
O O O O O B-dest O ||| O O O O O B-dest O
B-day O O O O ||| B-day O O O O
O O O O O B-dest O O B-day I-day O O O O O O O ||| O O O O O B-day O O O O O O O B-dest O
O O O O B-depart O B-day O ||| O O O O O B-stay O O O O O
O O O O O O O B-people O ||| O O O O O O O O O O O O O O O O O B-depart O O O O O O O O O O O B-day O
O O O O O O B-people O O ||| O O O O O O B-dest O
O O O O O B-dest O ||| O O O O O B-dest O B-day O
O O O O O O O B-people O ||| O O O O O B-dest O O B-day I-day O O O O O O O
O O O O O O O O O O O O O O B-depart O ||| O O O O O O O O O O O O O O O O O B-day O B-depart I-depart
O O O O O O B-depart O B-dest I-dest ||| O O O O O O O O O B-day O O O O O O
O O O O O O O O O B-day O O O O O O ||| O O O O O O O O O O O O O O B-depart O
O O O O O B-dest I-dest O ||| O O O O B-name I-name O O O O O O O
O O O O O B-day O ||| O O O O O O O B-day O O O O O O O O
O O O O O O O B-people O ||| B-day O O O O
O O O O O B-dest O O O ||| O O O O O O O O O B-day O O O O O O
O O O O O O B-day O ||| O O O O O B-day O
O O O O O B-day O ||| O O O O O B-day O
O O O O O B-dest I-dest O B-day O ||| O O O O O B-dest I-dest I-dest O
O O O O O O O B-type O O O O ||| O O O O O O O O O O O B-area O
O O O O O B-dest O B-depart I-depart I-depart O ||| O O O O B-depart I-depart I-depart O O O B-dest O
O O O O O O O O O B-day O O O O O O ||| O O O O O O O O O O O O O O B-depart O
O O O B-area I-area I-area O O O ||| O B-price I-price I-price
O O O O O O B-dest O B-depart I-depart O ||| O O O O O B-depart I-depart O O O B-dest O
O O O O B-depart O B-day O ||| O O O O O B-dest O O B-day I-day O O O O O O O
O O O O O O B-people O O O O O O O B-stay O O O B-day O ||| O O O O O O O O O B-people O O B-stay O O O B-day O
O O O O O O B-depart O B-dest I-dest ||| O O O O O O O O O O B-dest I-dest O
O O O O B-dest I-dest ||| O O O O B-dest O
O O O O O B-dest O ||| O O O O O O B-dest O
O O O O O O O O O B-day O O O O O O ||| O O O O O O O B-depart O B-dest O
O O O O O O O B-depart O B-dest O ||| O O O O O B-dest O
O O O O O O O O O B-day O O O O O O ||| O O O O O O O B-depart O B-dest O
O O O O O B-dest O ||| O O O O O B-dest O O O
O O O O O O B-depart O B-dest I-dest ||| O O O O O O O O O O B-dest I-dest O
O O O O O O O O O O B-dest I-dest O ||| O O O O O O O O O B-dest I-dest O
O O O O O O O O O B-dest I-dest O ||| O O O O O O O B-people O O
O O O O O B-dest O ||| O O O O O B-dest O O O
O O O O O B-day O ||| O O O O O B-day O
O O O O O O B-depart O B-dest I-dest ||| O O O O O O O O O B-day O O O O O O
O O O O O O O B-type O O O O ||| O O O O O B-dest I-dest O
O O O O O O O B-depart O B-dest O ||| O O O O O O O O O B-dest O B-day O
O O O O O O O O O B-dest I-dest O ||| O O O O O B-depart I-depart O O O B-dest
O O O O O B-day O O O O O O O B-dest O ||| O O O O O O O O O O B-day O
O O O O O O O O O B-dest I-dest O ||| O O O O O O O B-depart O B-dest O
O O O O O O O O O O B-people O O ||| O O O O O O O O O B-day O O O O O O
B-day O O O O ||| O O O O O O O B-type O O O O O O
O O O O O O B-depart O B-dest I-dest ||| O O O O O O O O O B-day O O O O O O
O O O O O B-dest O ||| O O O O O O O B-area O
O O O O O O O O O B-day O O O O O O ||| O O O O O O B-depart O B-dest I-dest
O O O O O B-depart I-depart O O O B-dest ||| O O O O O O O B-depart O B-dest O
O O O O O O O B-depart O B-dest O ||| O O O O O O O O O B-day O O O O O O
O O O O O O O O O O O O O O O O O O B-day O ||| O O O O O O O B-people O
O O O O O O O O O B-dest I-dest O ||| O O O O O B-dest O O O
O O O O O O O O O B-dest I-dest O ||| O O O O O O O O B-dest O O O O O O
O O O O O B-price B-type O O O O ||| O O O O O B-type O O B-area O O O O O O O O
O O O O O O O O O O O O B-depart I-depart O O O O B-day ||| O O O O O O O O O B-day O O O O O O
O O O O O B-dest O ||| O O O O O B-dest O O O
O O O O O O O B-depart O B-dest O ||| O O O O O B-dest O
O O O O O O O B-stay O O B-day O O O B-people O O O ||| O O O B-stay O O
O O O O O O O O O B-dest I-dest O ||| O O O O O O O B-depart O B-dest O
O O O O O O O B-type O O O O ||| O O O O O B-dest O B-depart I-depart I-depart O
O O O O O B-dest O O B-day I-day O O O O O O O ||| O O O O O B-day O
O O O O O O O O O B-day O O O O O O ||| O O O O O O O O O B-dest I-dest O
O O O O O B-day O ||| O O O O O B-day O
O O O O O O O B-people O ||| O O O O O O O B-people O
O O O O O B-dest O O O ||| O O O O B-dest O
O O O O O O O O O O O B-depart O O ||| O O O O O O O B-depart O B-dest O
O O O O O O O O O B-day O O O O O O ||| O O O O O O O O O O B-dest I-dest O
B-day O O O O ||| O O O O O B-day O
O O O O O O O O O B-dest O B-day O ||| O O O O O B-depart I-depart O O O B-dest
O O O O B-dest I-dest ||| O O O O O O O B-dest O B-day O
O O O O O B-dest O ||| O O O O B-depart O B-day O
O O O O O O O O O B-dest I-dest O ||| O O O O O O O O B-dest O O O O O O
O O O O O O O O O B-dest I-dest O ||| O O O O O O O O O O B-dest I-dest O
O O O O O B-dest O ||| O O O O B-depart O B-dest
O O O O B-depart O O O B-dest I-dest I-dest O ||| O O O O O B-dest O
O O O O O O O O O B-name I-name I-name O ||| O O O O O O O O B-name I-name I-name O
O O O O O O O O O B-dest I-dest O ||| O O O O O O O O O B-day O O O O O O
O O O O O B-dest O O O ||| O O O O O O B-dest O
O O O O O O O O O O B-people O O ||| O O O O O O O O O O O B-depart O O
O O O O O O O O O B-day O O O O O O ||| O O O O O B-dest O
O O O O O O O O O B-day O O O O O O ||| O O O O O O B-depart O B-dest I-dest
O O O O O O B-depart O B-dest I-dest ||| O O O O O B-depart I-depart O O O B-dest
O O O O O O O O O B-day O O O O O O ||| O O O O O O O O O O B-dest I-dest O
O O O O O B-dest O O O ||| O O O O B-dest O
O O O O O O O O O B-dest I-dest O ||| O O O O O O O O O O B-dest I-dest O
O O O O O B-dest O O O ||| O O O O O O B-dest
O O O O O O O O O B-day O O O O O O ||| O O O O O O O O O O O O O O B-depart O
O O O O O O O O O B-day O O O O O O ||| O O O O O O O B-depart O B-dest O
O O O O B-depart O B-day O ||| O O O O O B-dest O B-day O
O O O O O B-dest O B-day O ||| O O O O O B-dest O B-day
O O O O O O O O O B-day O O O O O O ||| O O O O O O O O O O O O B-depart I-depart O O O O B-day
O O O O O O B-depart O B-dest I-dest ||| O O O O O O O O O B-day O O O O O O
O O O O O B-depart I-depart O O O B-dest ||| O O O O O O O O O B-day O O O O O O
O O O O O O O O O B-dest I-dest O ||| O O O O O O O O O O B-dest I-dest O
O O O O O B-dest O ||| O O O O O B-dest O
O O O O O O B-dest O ||| O O O O O O O B-dest O B-day O
O O O O O O O O O B-dest I-dest O ||| O O O O O O O O O O B-dest I-dest O
O O O O B-depart O B-day O ||| O O O O O B-day O O O O O O O B-dest O
O O O O O O O O O B-dest I-dest O ||| O O O O O O O O O O B-dest I-dest O
O O O O O B-dest O O B-day I-day O O O O O O O ||| O O O O O B-dest O
O O O O O B-day O ||| O O O O O B-day O
O O O O O O O O O O B-dest I-dest O ||| O O O O O O B-depart O B-dest I-dest
O O O O O O O O B-depart O B-day O O O ||| O O O O O O O O O O B-dest I-dest O
O O O O O O O B-type O O O O ||| O O O O O B-dest I-dest O
O O O O B-dest I-dest ||| O O O O O B-dest O
O O O O O O O O O B-dest I-dest O ||| O O O O O O O O B-dest O O O O O O
O O O O O O O O O B-day O O O O O O ||| O O O O O O B-depart O B-dest I-dest
O O O O O O O O O B-day O O O O O O ||| O O O O O O B-depart O B-dest I-dest
O O O O O O O O O O O B-people I-time O ||| O O O O O B-stay O O O O O
B-day O O O O ||| O O O O O B-dest O B-day O
O O O O O O B-people O O ||| O O O O O O O O O O B-people O O
O O O O O O B-dest O ||| O O O O O O O O O O B-type O O O
O O O O O O O O O B-dest I-dest O ||| O O O O O O O B-people O O
O O O O O O O B-area O O O O O O O ||| O O O O O O O O O O B-type O O O
O O O O O O O B-depart O B-dest O ||| O O O O O O B-depart O B-dest I-dest
O O O O O B-dest O O B-day I-day O O O O O O O ||| O O O O O B-dest O
O O O O O O B-depart O ||| O O O O O O B-dest O
O O O O O O B-people O O O O O O O B-stay O O O B-day O ||| O O O O O O O O O O O O O O O O O O O O B-name O
O O O O O O B-depart O B-dest I-dest ||| O O O O O O O O O B-day O O O O O O
O O O O O O O B-people O ||| O O O O O O O B-people O
O O O O O O O O O B-day O O O O O O ||| O O O O O O O O B-dest O O O O O O
O O O O O O O O O B-dest I-dest O ||| O O O O O O O O O O O B-dest O O B-day I-day O
O O O O O B-dest O O B-day I-day O O O O O O O ||| O O O O O O B-dest O
O O O O O B-depart O B-dest O ||| O O O O O B-dest O O B-day I-day O O O O O O O
O O O O O O B-depart O B-dest I-dest ||| O O O O O O O B-depart O O B-dest I-dest O O O O O O O O O
O O O O O O O O B-dest O O O O O O ||| O O O O O O B-depart O B-dest I-dest
O O O O O O O O B-dest O O O O O O ||| O O O O O O O O O B-day O O O O O O
O O O O O O O O O B-dest I-dest O ||| O O O O O O O O O O B-dest I-dest O
O O O O O B-dest O O B-day I-day O O O O O O O ||| O O O O B-depart O B-day O
O O O O O O O O O B-day O O O O O O ||| O O O O O O O O O O O O O O B-depart O
O O O O O O B-depart O B-dest I-dest ||| O O O O O O O O O B-day O O O O O O
O O O O O O O B-day ||| O O O O O O O B-day O O O O O O O O
O O O O B-dest O B-day O ||| B-day O O O O
O O O O O O O O O B-dest I-dest O ||| O O O O O O O B-people O O
O O O O O B-dest O ||| O O O O O O B-depart O B-dest I-dest
O O O O O O O B-people O O ||| O O O O O O O O O B-dest I-dest O
O O O O O O O O O B-dest I-dest O ||| O O O O O O O B-depart O B-dest O
O O O O B-depart O B-day O ||| O O O O O B-day O O O O O B-dest O
O O O O O O O O O B-dest I-dest O ||| O O O O O O O B-depart O B-dest O
O O O O B-depart O B-day O ||| O O O O O O B-dest O
O O O O O O O O O B-dest I-dest O ||| O O O O O O O O B-dest O O O O O O
O O O O O O B-depart O B-dest I-dest ||| O O O O O B-dest O
O O O O O O O O O B-dest I-dest O ||| O O O O O O O O O O B-dest I-dest O
O O O O O O O O O B-day O O O O O O ||| O O O O O O O O O O B-dest I-dest O
O O O O O O O B-day O ||| O O O O B-depart O B-day O
O O O O O O O O O B-day O O O O O O ||| O O O O O O O O O B-dest I-dest O
O O O O O B-dest O O O ||| O O O O O B-depart O B-dest I-dest O
O O O O O B-dest O ||| O O O O O B-dest O
O O O O O O O O O B-day O O O O O O ||| O O O O O O O O B-dest O O O O O O
O O O O O O O B-people O O ||| O O O O O O O B-depart O B-dest O
O O O O O O O B-day O ||| O O O O O O O O B-dest O O O O O O
O O O O O B-dest O O B-day I-day O O O O O O O ||| O O O O O B-day O O O O O O O B-dest O
O O O O O O O B-people O O O O O O O O ||| O O O O O B-people O O B-stay O O B-day O
O O O O O B-dest O ||| O O O O O O B-dest O
O O O O B-depart O B-day O ||| O O O O O B-dest O O B-day I-day O O O O O O O
O O O O O O O O O O B-dest I-dest O ||| O O O O O O O O O B-dest I-dest O
O O O O O O O O O B-day O O O O O O ||| O O O O O O O O O B-dest I-dest O
O O O O O O O B-people O O ||| O O O O O B-depart I-depart O O O B-dest
B-day O O O O ||| O O O O O O O B-people O
O O O O O O O O O B-dest I-dest O ||| O O O O O O B-depart O B-dest I-dest
O O O O O B-day O ||| O O O O O B-day O
O B-day O ||| O O O O O O O O O O O O O O O O O O B-dest O
O O O O O B-depart I-depart O O O B-dest ||| O O O O O O B-depart O B-dest I-dest
O O O O O O O B-day O ||| O O O O O O O O O B-day O O O O O O
O O O O O O B-dest O ||| O O O O O O O O B-dest O O O O O O
O O O O O O B-dest O ||| O O O O O O O O O O B-dest I-dest O
B-day O O O O ||| O O O O O O O B-people O
