O O O O O O O O O B-dest I-dest O ||| O O O O O O O O O B-day O O O O O O
O O O O O B-dest O ||| O O O O O B-dest O
O B-people O ||| O O O O B-people O B-day O
O O O O O B-depart O O O O O O O B-dest O ||| O O O O B-depart O B-day O
O O O O O O B-depart O ||| O O O O O O B-dest O
O O O O O O O O O B-dest I-dest O ||| O O O O O O O B-depart O B-dest O
O O O O O O B-dest O ||| O O O O O B-dest O
O O O O O O O O O O O O O O O O O B-depart O O O O O O O O O O O B-day O ||| O O O O O O O B-people O
O O O O O O O O O O B-dest I-dest O ||| O O O O O O O O O B-dest I-dest O
O O O O O B-dest O O O ||| O O O O B-depart I-depart I-depart O O O B-dest O
O O O O O O O B-people O ||| O O O O O O O B-people O
O O O O B-type O ||| O O O O B-people O B-day O
O O O O O B-depart I-depart O O O B-dest ||| O O O O O O B-depart O B-dest I-dest
O O O O B-dest O ||| O O O O O B-dest O
O O O O O B-dest O B-day O ||| O O O O O B-dest O
O O O O O O O O O O O O O O O O O B-depart O O O O O O O O O O O B-day O ||| O O O O O O O O O O O O O O O O B-type O O
O O O O O O O B-people O ||| O O O O O O O B-people O
O O O O O O O O O B-dest I-dest O ||| O O O O O O O B-area O O O B-stars O O
O O O O O O O B-type O O O O ||| O O O O O O O O O B-depart O B-dest I-dest I-dest O B-day O
O O O O O O O O O B-day O O O O O O ||| O O O O O B-depart I-depart O O O B-dest
O O O O O O O O O O O B-people O O B-stay O O O B-day O ||| O O O O O O B-people O O O O O O O B-stay O O O B-day O
O O O O O B-day O ||| B-day O O O O
O O O O O O O B-people O ||| O O O O O O O B-people O
O O O O O O O O O B-dest I-dest O ||| O O O O O O O B-people O O
O O O O O O B-dest O ||| O O O O O B-dest O
O O O O O O O B-type O O O O ||| O O O O O B-dest O O O
O O O O B-dest O B-day O ||| O O O O O B-day O O O O O O O B-dest O
O O O O O O O O O B-dest I-dest O ||| O O O O O O O O O B-day O O O O O O
O O O O O B-dest O B-day O ||| O O O O O O B-dest O
O O O O O O O O O B-dest I-dest O ||| O O O O O O O O O O B-dest I-dest O
O O O O O O B-people O O ||| O O O O O O O O O B-dest I-dest O
O O O O O O O O O B-dest I-dest O ||| O O O O O O O O B-dest O O O O O O
O O O O O B-dest O B-day ||| O O O O O B-dest O
O O O O O O O O O B-dest I-dest O ||| O O O O O O O O O O B-dest I-dest O
O O O O O B-dest O ||| O O O O O B-dest O
O O O O O B-dest O ||| O O O O O B-depart O O O O O O O B-dest O
O O O O O O B-dest O ||| O O O O O B-dest O
O O O O O B-day O ||| O O O O O B-day O
O B-people O ||| O O O O B-people O B-day O
O O O O O B-dest O ||| O O O O O O B-dest O
O O O O O B-dest O B-day O ||| O O O O O B-day O
O O O O O O O O O B-day O O O O O O ||| O O O O O O O O O B-dest I-dest O
O O O O O B-dest O ||| O O O O O B-dest O O B-day I-day O O O O O O O
O O O O O O O O O B-day O O O O O O ||| O O O O B-depart O B-day O
O O O O O O O O O B-dest I-dest O ||| O O O O O O B-dest O
O O O O O O O O O B-dest I-dest O ||| O O O O O O O O B-depart O B-day O O O
O O O O O O O B-depart O B-dest O ||| O O O O O O O O O B-dest I-dest O
O O O O O O B-dest O ||| O O O O O B-dest O O O
O O O O O B-dest O B-day O ||| O O O O O B-day O O O O O O O B-dest O
O B-price I-price I-price I-price I-price O O O O O O O O O O B-people O O B-stay O O O B-day O ||| O O O O O O B-people O O O O O O O B-stay O O O B-day O
O O O O O B-dest O ||| O O O O O B-dest O O O
B-day O O O O ||| O O O O O O O B-people O
O O O O B-people O B-day O ||| O O O O O O O O O O O B-depart O
O O O O O O O O O B-dest I-dest O ||| O O O O O O B-depart O B-dest I-dest
O B-people O ||| O O O O B-people O B-day O
O O O O B-dest I-dest ||| O O O O B-depart I-depart O B-dest O
O O O O O O O O O O B-dest I-dest O ||| O O O O O O O O O B-dest I-dest O
O O O O O O O O O B-dest I-dest O ||| O O O O O O O B-depart O B-dest O
O O O O O O O O O O B-dest I-dest O ||| O O O O O O O O O B-dest I-dest O
O O O O O O O O O B-dest I-dest O ||| O O O O O O O O O B-day O O O O O O
O O O O B-dest O B-day O ||| O O O O B-dest O O B-day O
O O O O O O O O O B-dest I-dest O ||| O O O O O O O O O O B-dest I-dest O
O O O O O B-dest O ||| O O O O O B-dest O O B-day I-day O O O O O O O
O O O O O O O O O O B-dest I-dest O ||| O O O O O O O O O B-dest I-dest O
O O O O B-type O O O O O O ||| O O O O B-area O
O O O O O B-dest O B-day ||| O O O O B-day O
O O O O O O O B-people O ||| O O O O O O O B-people O
O O O O O O O O B-dest O O O O O O ||| O O O O O O B-depart O B-dest I-dest
O O O O O O O O O B-dest I-dest O ||| O O O O O O O O O O O B-depart O O
O O O O O O B-depart O B-dest I-dest ||| O O O O O O O O O O B-dest I-dest O
O O O O O O O O O O B-dest I-dest O ||| O O O O O O O O O B-dest I-dest O
O O O O O B-dest O B-day O ||| O O O O O O O B-people O
O O O O O O O O B-people O ||| O O B-people O O B-stay O O B-day O
O O O O O O B-depart O B-dest I-dest ||| O O O O O O O B-depart O B-dest O
O O O O O B-dest O B-day ||| O O O O O B-dest O B-day O
O O O O O O O B-people O ||| O O O O O O O B-people O
O O O O B-people O B-day O ||| O O O O O O O O O O O B-depart O
O O O O O B-day O ||| O O O O O B-day O
O O O O O O O O B-area O ||| B-day O O O O
O O O B-people O O B-stay O O ||| O O O O O B-stars O B-type O
O O O O O O O O B-dest O O O O O O ||| O O O O O O O O O B-dest I-dest O
O O O O O O O O O B-dest I-dest O ||| O O O O O O O O O B-day O O O O O O
O O O O B-depart O O O B-dest I-dest I-dest O ||| O O O O O O B-dest O
O O O O O O O O O B-dest I-dest O ||| O O O O O O O B-depart O B-dest O
O O O O O O O B-depart O B-dest O ||| O O O O O O O O O B-day O O O O O O
O O O O O O O B-type O O O O ||| O O O O O O B-dest O
O O O O O B-day O ||| O O O O O O O B-people O
O O O O O O O O O B-dest I-dest O ||| O O O O O O O O O O B-dest I-dest O
O O O O O O B-dest O ||| O O O O O B-dest I-dest I-dest O O
O O O O O O B-depart O B-dest I-dest ||| O O O O O O O O O B-dest I-dest O
O O O O O B-dest O O O ||| O O O O O B-dest O
O O O O O B-dest O ||| O O O O B-dest O
O O O O B-people O B-day O ||| O O O O B-day O
O O O O O O O B-people O ||| O O O O O B-day O
O O O O B-dest O ||| O O O O O B-dest O O O
O O O O B-people O B-day O ||| O O O O B-dest O B-day O
B-day O O O O ||| O O O O B-depart I-depart I-depart O O O B-dest O
O O O O O O B-people O O O O O O O B-stay O O O B-day O ||| O O O O O O O O B-people O
O O O O O O O O O B-dest I-dest O ||| O O O O O O O B-depart O B-dest O
O O O O O B-depart I-depart O O O B-dest ||| O O O O O O O O O B-day O O O O O O
O O O O O O O B-people O ||| O O O O O O O B-area O
O O O O O B-stars O O O O O O ||| O O O O O B-type O O O O
O O O O O B-day O ||| O O O O O B-day O
O O O O B-depart O B-day O ||| O O O O O B-dest O O B-day I-day O O O O O O O
O O O O O O O O O B-day O O O O O O ||| O O O O O O O O O O O O B-depart I-depart O O O O B-day
O O O O O O O O O B-day O O O O O O ||| O O O O O O O B-people O
O O O O O O O O B-dest O O O O O O ||| O O O O O O O O O B-dest I-dest O
O O O O O O O O B-dest O O O O O O ||| O O O O O O O O O B-day O O O O O O
O O O O O B-dest O O O ||| O O O O O B-dest O
O O O O O B-dest O B-day ||| O O O O O B-depart O O O O O O O B-dest O
O O O O O O O O O B-dest I-dest O ||| O O O O O O O O O B-day O O O O O O
O O O O B-dest I-dest ||| O O O O O B-dest O
O O O O O O O B-people O ||| O O O O O O O B-people O
O O O O O B-dest O B-day ||| O O O O O B-dest O B-day O
O O O O B-depart O B-day O ||| O O O O O B-dest O
O O O O O O O O O O B-dest I-dest O ||| O O O O O O O O O B-dest I-dest O
O O O O O O O O O B-day O O O O O O ||| O O O O O O B-depart O B-dest I-dest
O O O O B-depart I-depart I-depart O O O B-dest O ||| O O O O O B-depart O O O O O O O B-dest O
O O O O O O O O B-depart O B-day O O O ||| O O O O O B-depart I-depart O O O B-dest
O O O O O O O O O B-dest O B-day O ||| O O O O O O O B-depart O B-dest O
O O O O O O O O B-people O O ||| O O O O O O O O O B-people O O O O O O O O O O O O O O O
O O O O O O O O O B-dest I-dest O ||| O O O O O O O B-depart O B-dest O
O O O O O B-dest O O O ||| O O O O O O O B-type O O O O
B-day O O O O ||| O O O O O B-dest O
O O O O O B-dest O O O ||| O O O O B-depart I-depart I-depart O O O B-dest O
O O O O O O O O B-dest O O O O O O ||| O O O O O O O O O B-dest I-dest O
O O O O O B-day O ||| O O O O O O B-day O
O O O O O O O O O B-day O O O O O O ||| O O O O O O O O O B-dest I-dest O
O O O O O O B-dest O ||| O O O O O B-dest O O O
O O O O O O O O O B-dest I-dest O ||| O O O O O O O O O B-day O O O O O O
O O O O O O O O O B-dest I-dest O ||| O O O O O O B-depart O B-dest I-dest
O O O O O B-dest O O B-day I-day O O O O O O O ||| O O O O O B-dest O
O O O O O O O O O B-dest I-dest O ||| O O O O O O O O B-dest O O O O O O
O O O O O B-dest O O O ||| O O O O O B-dest I-dest O
O O O O O O O B-people O ||| O O O O O B-day O
O O O O O B-dest O B-day O ||| O O O O O B-day O O O O O O O B-dest O
O O O O O O O O O O B-dest I-dest O ||| O O O O O O O O B-depart O B-day O O O
O O O O O O O O O O B-dest I-dest O ||| O O O O O O O O O B-dest I-dest O
O O O O O B-dest O ||| O O O O O B-dest O
B-day O O O O ||| O O O O O O O O O O O O O O O O O B-depart O O O O O O O O O O O B-day O
O O O O O B-day O O O O O O O B-dest O ||| O O O O O B-depart O O O O O O O B-dest O
O O O O O B-dest O B-day O ||| O O O O O B-dest O
O O O O O O O O O O O O O O O O O B-depart O O O O O O O O O O O B-day O ||| O O O O B-depart I-depart I-depart O O O B-dest O
O B-people O ||| O B-people O O
O O O O O B-dest O ||| O O O O B-depart O B-dest
O O O O O B-dest O ||| O O O O O B-dest O O O
O O O O O O O O O O B-food O O O ||| O O O O O B-stars O B-type O
O O O O O O O O O B-dest I-dest O ||| O O O O O O O O O B-day O O O O O O
O O O O O O O O O B-dest I-dest O ||| O O O O O O O O O O B-dest I-dest O
O O O O O B-dest O O O ||| O O O O O B-dest O O B-depart I-depart O
O O O O O B-day O ||| O O O O O B-day O
B-day O O O O ||| O O O O O O O O O O O O O O O O O B-depart O O O O O O O O O O O B-day O
O O O O O O O O O B-day O O O O O O ||| O O O O O O O O O O O B-depart O O
O O O O O B-day O ||| O O O O O B-day O
O O O O O B-day O ||| O O O O O B-day O
O O O O B-dest I-dest ||| O O O O O O B-dest O
O O O O O B-dest O O O ||| O O O O O O B-dest O
O B-people O ||| O O O O B-people O B-day O
O O O O O O O B-depart O B-dest O ||| O O O O O O O O O O O O B-depart I-depart O O O O B-day
O O O O O O O O O B-dest I-dest O ||| O O O O O O O O B-dest O O O O O O
O O O O O O O B-people O ||| O O O O O O O B-people O
O O O O O B-dest O B-day ||| O O O O O B-day O
O O O O O O B-people O O O O O O O B-stay O O O B-day O ||| O O O O O O O B-people O
O O O O O O O O O O B-dest I-dest O ||| O O O O O O O O O O O O O O B-depart O
O O O O B-dest I-dest ||| O O O O B-depart O B-dest
O O O O O B-depart O O O O O O O B-dest O ||| O O O O O B-dest O
O O O O O O O O O B-day O O O O O O ||| O O O O O O O B-people O O
O O O O O O O B-depart O B-dest O ||| O O O O O B-dest O
O O O O O O O O O B-dest I-dest O ||| O O O O O O O O O O B-dest I-dest O
O O O O O B-dest O ||| O O O O B-depart O B-day O
O O O O O O O O O O B-dest I-dest O ||| O O O O O O O B-depart O B-dest O
O O O O O O O O O O B-dest I-dest O ||| O O O O O O O O O B-dest I-dest O
O O O O O B-depart O O O B-dest I-dest O ||| O O O O O O B-depart O
O O O O O B-dest O ||| O O O O O B-dest O O O
B-day O O O O ||| O O O O O O O O O O O O O B-price O O O O O O O B-area O O O O
O O O O O O O O O O O B-depart O ||| O O O O O B-dest O O
O O O O O O B-depart O B-dest I-dest ||| O O O O O O O O O B-day O O O O O O
O O O O O B-dest O ||| O O O O B-day O
O O O O O O O B-depart O B-dest O ||| O O O O O O O O O B-dest O B-day O
B-day O O O O ||| O O O O O O O B-people O
O O O O O O O O O O B-dest I-dest O ||| O O O O O O O O O B-dest I-dest O
O O O O O B-day O O O O O O O B-dest O ||| O O O O O B-dest O B-day O
O O O O O O O O O B-dest I-dest O ||| O O O O O O O B-depart O B-dest O
O O O O O O O O O O B-people O O ||| O O O O O O O O O O O O O O B-depart O
B-day O O O O ||| O O O O O B-dest O
O O O O B-depart O B-dest ||| O O O O O B-dest O
O O O O O B-dest O ||| O O O O O B-depart O
O O O O O O O O O O O O O O O B-type O O ||| O O O O O B-dest O O O
O O O O O O B-dest O ||| O O O O O B-dest O O O
O O O O O O O O O O B-dest I-dest O ||| O O O O O O O O O B-dest I-dest O
O O O O O B-day O ||| O O O O O B-dest O B-day
O O O O O B-dest O O O ||| O O O O B-dest O
O O O O O O O O O B-dest I-dest O ||| O O O O O B-depart I-depart O O O B-dest
O O O O O O O B-people O ||| O O O O O O O B-people O
O O O O O O O O O B-day O O O O O O ||| O O O O O O O B-depart O B-dest O
O O O O O B-dest O ||| O O O O B-depart O B-day O
O O O O O O O B-depart O B-dest O ||| O O O O O O O O O B-dest O B-day O
O O O O O O O O O B-people O O O O O O O O O O O O O O ||| O B-price I-price I-price I-price I-price O O O O O O O O O O B-people O O B-stay O O O B-day O
O O O O O O O O O B-dest I-dest O ||| O O O O O O O B-people O O
O O O O O B-dest O ||| O O O O O B-dest O O O
O O O O O B-day O ||| O O O O O B-day O
O O O O O O O O O B-day O O O O O O ||| O O O O O O O O O B-dest I-dest O
O O O O B-dest O B-day O ||| O O O O O B-dest O B-day
O O O O O O O B-people O ||| O O O O O B-day O
O O O O B-dest O ||| O O O O O B-dest O O O
O O O O O O O O O O O B-depart O O ||| O O O O O O O B-depart O B-dest O
O O O O O O B-dest O ||| O O O O O O B-depart O
O O O O B-depart O B-day O ||| B-day O O O O
O O O O O O O O O B-dest I-dest O ||| O O O O O O O O O B-dest O B-day O
O O O O B-depart I-depart I-depart O O O B-dest O ||| O O O O O B-day O
O O O O O B-depart I-depart O O O B-dest ||| O O O O O O O O B-dest O O O O O O
O O O O O O O O O B-dest I-dest O ||| O O O O O O B-depart O B-dest I-dest
O O O O O O O O O B-day O O O O O O ||| O O O O O O O O B-dest O O O O O O
O O O O B-depart O B-dest ||| O O O O O O B-dest O
O O O O O B-dest O ||| O O O O B-depart O B-dest
O O O B-people O O O O O O O O O O O O O O O O ||| O O O O O O B-people O O O O O O O B-stay O O O B-day O
O O O O O O O O O B-dest I-dest O ||| O O O O O O O O O B-day O O O O O O
O O O O O B-depart O O O O O O O B-dest O ||| O O O O O B-dest O
O O O O O O O O O O B-people O O ||| O O O O O O O O O O O B-depart O O
O O O O O O O O B-dest O O O O O O ||| O O O O O O O O O B-dest I-dest O
O O O O O O O O O B-dest I-dest O ||| O O O O O O O O O O B-dest I-dest O
O O O O O O B-depart O B-dest I-dest ||| O O O O O B-depart I-depart O O O B-dest
O O O O O O O O O B-day O O O O O O ||| O O O O O O O O O O B-dest I-dest O
O O O O B-dest O ||| O O O O O B-dest O O O
O O O O O O O B-people O ||| O O O O O O O B-people O
O O B-people O O O ||| O O O B-people O O
O O O O O O O O O B-dest I-dest O ||| O O O O O O O O O B-day O O O O O O
O O O O O O O B-people O ||| O O O O O O O O O O O O O O O O O B-depart O O O O O O O O O O O B-day O
O O O O O B-depart O O O B-dest I-dest O ||| O O O O O B-depart O B-dest I-dest I-dest O
O O O O O O O B-people O ||| B-day O O O O
O O O O O O O O O B-day O O O O O O ||| O O O O O O O O O O O O B-depart I-depart O O O O B-day
O O O O O O B-depart O B-dest I-dest ||| O O O O O O O O O B-dest I-dest O
O O O O O O O O O O B-dest I-dest O ||| O O O O O O O O O B-dest I-dest O
O O O O O O O O O B-dest I-dest O ||| O O O O O O O O O O B-dest I-dest O
O O O O O B-day O ||| O O O O O B-day O
B-day O O O O ||| O O O O O O O B-people O
O O O O O O O O O B-dest I-dest O ||| O O O O O O O B-depart O B-dest O
O O O O O B-dest O ||| O O O O B-depart O B-day O
O O O O O O O O O B-dest I-dest O ||| O O O O O O O B-depart O B-dest O
O O O O O B-dest O ||| O O O O O B-dest O O B-day I-day O O O O O O O
O O O O O B-day O ||| O O O O O B-day O
O O O O O O O O O O B-dest I-dest O ||| O O O O O O O O O B-dest I-dest O
O O O O O B-day O ||| O O O O O O O O B-depart O B-dest O
O O O O O O O O O B-day O O O O O O ||| O O O O B-depart O B-day O
O O O O O B-dest O ||| O O O O B-dest I-dest
O O O O O O O O O B-dest I-dest O ||| O O O O O O O B-area O O O B-stars O O
O O O O O B-dest O O O ||| O O O O O B-dest O
O O O O O B-dest O ||| O O O O O B-dest O O B-day I-day O O O O O O O
O O O O O O B-dest O B-day O ||| O O O O O O O O O B-dest O
O O O O O B-dest O ||| O O O O O B-dest O
O O O O O O O O O O B-people O O ||| O O O O O O B-people O O
O B-day O O O ||| O O O O B-people O O O
O O O O O O O O B-depart O B-day O O O ||| O O O O O O O B-dest I-dest O B-day O
O O O O O O O B-depart O B-dest O ||| O O O O O O O O O B-dest O B-day O
O O O O O O O B-people O ||| O O O O O B-day O
O O O O O O B-dest O ||| O O O O O O B-dest O
O O O O O O O O B-people O O ||| O O O O O O B-people O O O O O O O B-stay O O O B-day O
O O O O O O B-depart O ||| O O O O O O B-dest O
O O O O O O O B-people O ||| O O O O O O O O O O O O O O O O O B-depart O O O O O O O O O O O B-day O
O O O O O O O B-depart O B-dest O ||| O O O O O O O O O B-day O O O O O O
O O O O O O O O O B-dest I-dest O ||| O O O O O O O O O B-day O O O O O O
O O O O O B-depart O O O O O O O B-dest O ||| O O O O O B-depart O O O B-dest I-dest O
O O O O O B-dest O ||| O O O O O B-depart O O O O O B-dest O
O O O O O B-dest O ||| O O O O O O B-depart O B-dest I-dest
O O O O O O O O B-dest O O O O O O ||| O O O O O O O O O B-dest I-dest O
O O O O O B-day O O O O O O O B-dest O ||| O O O O O B-day O
O O O O O O O O O B-dest I-dest O ||| O O O O O O O O O O B-dest I-dest O
O B-day I-day O O O O O ||| O O O O B-day O
O O O O O O O O O B-day O O O O O O ||| O O O O O O O O O B-dest I-dest O
O O O O O O O O O B-dest I-dest O ||| O O O O O O O O O O B-dest I-dest O
O O O O O B-day O ||| O O O O O B-day O
O O O O O O O B-people O ||| O O O O O O O B-people O
O O O O O O O O O B-dest I-dest O ||| O O O O O O O B-people O O
O O O O O B-dest O ||| O O O O O B-dest O O O
O O O O O O O O O B-dest I-dest O ||| O O O O O O O B-depart O B-dest O
O O O O O O O B-people O ||| O O O O O O O B-people O
O O O O O O O B-type O O O O ||| O O O O O O O B-depart O O O B-dest O O O O O
O O O O O O O O O B-dest I-dest O ||| O O O O O O O B-depart O B-dest O
O O O O O B-dest O ||| O O O O O O B-dest O
O O O O O O O O O B-dest I-dest O ||| O O O O O O O O B-dest O O O O O O
O O O O O O O O O B-dest I-dest O ||| O O O O O O B-depart O B-dest I-dest
O O O O O O O B-people O ||| O O O O O O O O B-depart I-depart O B-dest
O O O O O O B-depart O B-dest I-dest ||| O O O O O O O B-depart O B-dest O
O O O O O B-day O ||| O O O O O O O B-people O
O O O O O O O O O B-dest I-dest O ||| O O O O O O O O B-depart O B-day O O O
O O O O O B-dest O O O ||| O O O O O B-depart O B-dest I-dest O
O O O O O B-dest O ||| B-day O O O O
O O O O O B-day O ||| O O O O O B-dest O O B-day I-day O O O O O O O
O O O O O O B-people O O ||| O O B-people O O O
O O O O O O O O O B-dest I-dest O ||| O O O O O O O O B-dest O O O O O O
O O O O B-depart O B-dest ||| O O O O O B-dest O
O O O O O O O O B-people O O ||| O O O O O O B-people O O O O O O O B-stay O O O B-day O
O O O O O O B-dest O ||| O O O O O B-dest O O O
O O O O O B-day O ||| O O O O O B-day O
O O O O O O O B-people O ||| O O O O O B-dest O
O O O O O O O O O B-day O O O O O O ||| O O O O O B-depart I-depart O O O B-dest
O O O O O O B-dest O ||| O O O O O O B-dest O
B-day O O O O ||| O O O O O O O O O O O O O O O O O B-depart O O O O O O O O O O O B-day O
O O O O O O O O O B-dest I-dest O ||| O O O O O O O O O O B-dest I-dest O
O O O O O B-dest O ||| O O O O O B-day O
O O O O O B-dest O ||| O O O O O B-dest O O O
O O O O O B-depart I-depart O O O B-dest ||| O O O O O O O O B-dest O O O O O O
O O O O O O O O O B-dest I-dest O ||| O O O O O O O O O B-day O O O O O O
O O O O O O B-dest O ||| O O O O O O O O O B-dest I-dest O
O O O O O B-dest O O O ||| O O O O O B-dest O
B-day O O O O ||| O O O O O O O B-people O
