O O O O O O B-depart I-depart O B-leave O
O O O O O O O B-leave O
O O O O O O O O B-dest O
O O O O O B-depart O B-day O
O O O O O O O B-people O
O O O O O O O O B-depart I-depart I-depart
O O O O B-day O O O O O B-leave O
O O O O B-depart I-depart I-depart O O O B-dest O
O O O O O O B-day O
O O O O O O O B-depart O B-day O
O O O O O O O O O B-dest I-dest I-dest O O O B-leave O
O O O O O O O O O B-depart O B-day O
O O O O O B-depart O
O O O O B-day O
O O O O O O O O O O B-depart O B-day O
O O O O O O O O O O O O B-dest O B-arrive O
O O O O O O O O B-depart O
O O O O O O B-dest O B-day
O O O O O B-depart O B-day O
O O O O O O B-leave O
O O O O O O O O B-depart O
O O O O O O O B-day O B-depart O
O O O O O O O O B-dest O O O
O O O O O B-dest I-dest I-dest O O O
O O O O O B-leave I-leave O
O O O O O O B-day O
O O O O O O B-day O
O O O O O O O O O B-day O O O B-arrive
O O O O B-depart O O O O O
O O O O O O O O B-dest I-dest I-dest O O O O B-day
O O O O B-depart O O O O O O O B-arrive O
O O O O O B-depart O O O O O O O
O O O O O O B-day O B-dest O
O O O O B-day O
O O O O B-dest O B-depart O
O O O O O O O O B-people O O
O O O O O O O B-depart O B-day O
O O O O O B-depart O B-leave O
O O O O O O O O B-day O O B-depart I-depart O O O B-dest O B-arrive O
O O O O O O O B-dest I-dest I-dest O O O B-leave O
O O O O O O B-day
O O O O B-dest I-dest
O O O O O O B-day O
O O O O O O B-day O
O O O O O B-depart O
O O O O O O B-dest I-dest I-dest O O O B-depart O
O O O O O O O O O B-leave O O O B-dest O
O O O O O O B-day O
O O O O O B-depart O B-day O
O O O O B-dest O
O O O O O O B-arrive O
O O O O O B-day O
O O O O B-day O O B-leave
O O O O O O O O B-arrive O
O O O O O O O O B-people O O O B-day O O O B-depart O O O B-arrive O B-dest
O O O O O B-day O O O O O B-arrive
O O O O O O B-day O B-leave O
O O O O O B-depart O
O O O O O O O B-dest O O
O O O O O B-depart O
O O O O O B-leave O O O O O O O O
O O O O O O O B-depart O B-dest O
O O O O O B-day O
O O O O O B-leave I-leave O B-day O
O O O O B-dest O
O O O O B-day O O O O O B-arrive
O O O O O O B-day O O O O
O O O O O O O O O O B-depart O O O O B-dest O
O O O O O O B-day O O O O O B-leave O
O O O O O O B-day O
O O O O O O B-depart O B-day O O O O O O O
O O O B-depart O O O O O O B-leave O
O O O O O O O O B-leave
O O O O O O O O O O O B-people O O
O O O O O O B-dest I-dest I-dest O O O O O O B-leave O
O O O O O O O O O B-dest O B-arrive
O O O O O O O O O B-arrive
O O O O O O B-leave O O
O O O O O B-depart O
O O O O O O B-leave O
O O O O O O O O B-depart I-depart I-depart O B-day O O O B-dest O
O O O O O O O B-depart I-depart O
O O O O O O B-day O
O O O O O B-depart O
O O O O O O O B-dest O
O O O O O O B-depart O O O O O B-leave
O O O O O O B-day O O O O O B-arrive O
O O O O O O O O B-depart I-depart I-depart O
O O O O O O B-dest O B-day O B-arrive O
O O O O O O O O B-people O O O O O O O O O
O O O O O O B-leave O
O O O B-leave O O O O O O O O B-arrive O
O O O O O B-depart O
O O O O O B-dest I-dest O
O O O O O B-day O
O O O O O O O O B-depart O B-leave O B-day O
O O O O O O O B-dest O B-day O
O O O O O O B-day O
O O O O O O B-leave O
O O O O O O O O O B-dest O O O O O O
O O O O B-dest O O O O O B-leave
O O O O O O O B-depart I-depart I-depart O O O B-day
O O O O O O B-day O O O B-arrive O
O O O O O O O B-day O O O B-leave O
O O O O O B-depart I-depart I-depart O B-leave O
O O O O O O O B-depart I-depart I-depart O O O B-arrive O
O O O O O O B-depart O
O O O O O O O B-day O
O O O O O O O O B-depart O B-day O
O O O O O O O O B-depart I-depart O O O B-dest
O O O O O O O O B-arrive O