O O O O O O O O O O B-arrive O O O B-day O ||| O O O O O O B-day O O O O O B-arrive
O O O O O B-depart O ||| O O O B-depart
O O O O O O O O O O O B-people O O O O O B-arrive O O B-dest O O O O O O O ||| O O O O O O B-dest O O O B-leave O O O O O O
O O O O O B-depart I-depart O ||| O O O O O O B-depart I-depart O B-leave
O O O O O O B-day O B-leave O O O B-dest O ||| O O O O O O B-dest O O O B-leave O
O O O O O B-day O ||| O O O O O B-day O
O O O O O O B-dest I-dest I-dest O ||| O O O O O O O B-depart I-depart I-depart O O O
O O B-time O O ||| O O B-time O O
O O O O O O O O O O B-dest O ||| O O O O O O O O O O O O O O B-dest O
O O O B-depart O O O B-dest O B-day O ||| O O O O B-depart O O O O
O B-leave I-leave I-leave O O O O O O O O O O O O O ||| O B-leave I-leave I-leave O O O O O O O O O O O O O
O O O O O B-people O O ||| O O O O O B-people O O
B-depart O O O O O O O O O O O O B-leave O B-day O O O O O O O O O O O O O O O O ||| O O O O O B-dest O O O O O O O O B-leave O
O O O O O O B-depart O B-day O B-leave O ||| O O O B-depart O B-arrive O
O O O O O O O O O B-dest O O O ||| O O O O O B-day O O O B-depart O O O
O O O O O O O B-leave O ||| O O O O O O B-leave O O O
O O O O O O O O O O O B-depart I-depart I-depart O ||| O O O O O O O O O O O B-depart I-depart I-depart O
O O O O B-depart O B-day O O O O O O O B-dest I-dest I-dest O O O O O O O O O O O O O O ||| O O O O B-depart O B-dest I-dest I-dest O B-day O O O O O O O O B-arrive O O O
O O O O O B-depart I-depart I-depart O O O O B-dest ||| O O O O O O O B-depart O O O B-dest I-dest I-dest O B-day O O O O O O B-arrive O O
O O O O O O O B-people O O ||| O O O O O O O B-people O O
O O B-people O O O O O O B-leave O O ||| O O O O O O B-arrive O O O O O O O O O O B-people O O O
O O O O O B-dest O B-arrive ||| O O O O O O B-dest O B-arrive O O O
O O O O O O O O O B-day O O O O O O B-arrive O O O O O ||| O O O O O O O O O B-day O O B-arrive O
O O O O B-depart O O B-dest I-dest I-dest O ||| O O O O B-depart O B-dest I-dest I-dest
O O O O O O O B-dest O O O B-arrive O O O ||| O O O O O O O B-dest O O O B-arrive O
O O O O O O B-day O ||| O O O O O O B-day O
O O O O O O O O O O O B-dest O O O B-leave O ||| O O O O O O O O O O O B-dest O O O B-leave O
O O O O O O B-dest I-dest O B-day O ||| O O O O O O B-dest I-dest O B-day O
O O O O O O O O O B-depart O O B-day O ||| O O O O O O O O B-depart O B-day O
O O O O B-people O O O O O O O O O ||| O O O O B-people O O O O O O O O O
O O O O O O O O O O O O O O O B-dest I-dest I-dest O ||| O O O O O O O O O O O O B-dest I-dest I-dest O O O B-arrive
O O O O O O B-day O ||| O O O O O B-day
O O O O O O O O O O B-day O B-depart O ||| O O O O O O O O O O B-day O B-depart O
B-dest O O O ||| O O O B-dest O
O O O O O O O B-depart I-depart I-depart O B-day O ||| O O O O O O O O O O B-dest I-dest I-dest O O
O O O O B-dest I-dest I-dest O B-day O ||| O O O O O B-dest I-dest I-dest O B-day O
O B-people O O O ||| O O B-people O O O
O O O O B-depart O O O O O O O O O O O O O O O ||| O O O O O B-depart I-depart I-depart O O O O O O O B-dest O O
O O O O O B-day O B-depart O ||| O O O O O B-day O B-depart O
O O O O O O B-dest O B-day O ||| O O O O O O O O B-dest O O O O O O B-day O
O O O O O O O O O B-dest I-dest I-dest O O O ||| O O O B-depart I-depart I-depart O O O O O O B-arrive O
O O O O O O O O B-depart O O O B-day O O O O O O O O ||| O O O O O O O B-depart O B-day O
O O O O O O O O O B-dest O O ||| O O O O O O O O O B-dest O O
O O O O O O B-depart I-depart O B-day O ||| O O O O O B-day O O O B-dest I-dest O
O O O O O O O O O B-depart O O B-day O ||| O O O O O O O O O B-depart O O B-day O
O O O O O B-dest O B-arrive ||| O O O O O B-dest O B-day O
O O O O B-day O O B-depart ||| O O O O B-day O O B-depart
O O O O O O O O O B-people O O ||| O O O O O O O B-people O O B-stay O O O
O O O O O B-depart O B-dest I-dest O ||| O O O O O B-depart O B-dest I-dest O
O O O O B-day O B-leave O ||| O O O O O O B-leave O O O O B-day
O O O B-people O O O O ||| O O O B-people O O O O
O O O O O B-depart O B-dest I-dest O ||| O O O O O B-depart O B-dest I-dest O
O O O O B-people O O O O O ||| O O O O O B-people O O O O O O O
O O O O B-dest I-dest I-dest O O O O O O O B-arrive O ||| O O O B-depart I-depart I-depart O O O O O O B-arrive O
O O O O O O O O O O O O O O B-dest O ||| O O O O O O O O O O O O O O B-dest O O O O O O O
O O O O O O O O O O O O O B-leave O O O O B-depart I-depart I-depart O ||| O O O O O O B-dest I-dest I-dest O O O B-leave O
O O O O O O O O B-depart O O B-dest I-dest I-dest O ||| O O O O O O O O B-depart O O B-dest I-dest I-dest O
O O O O O O O B-dest O B-day O ||| O O O O O O O O O O O O O O B-dest O B-day O
O O O O O O O O O B-arrive O O O B-depart O O O O O O ||| O O O O O O O O O B-arrive O O O B-depart O O O O O O
O O O O O B-dest I-dest I-dest O B-day O ||| O O O O O O B-dest I-dest I-dest O B-day O
O O O O O O B-dest O ||| O O O O O O O O B-dest O
O O O O O O O O O O B-depart O O O B-dest O ||| O O O O O O O O O O O O B-depart O O O O B-dest
O O O O O B-day O O ||| O O O O O O B-day O O B-leave O
O O O O O B-dest O O O O O O O B-leave O ||| O O O O B-dest O O O O O O O O B-leave O
O O O O O B-depart O B-dest O ||| O O O O O O O O O B-depart O B-dest O
O O O O O O O O O O O O B-leave O O O O O O O O O O O O O ||| O O O O O B-arrive O O O O O O O O O O O O O O O
O O O O O O B-depart O B-dest I-dest ||| O O O O O B-dest I-dest O O O B-depart
O O O O O B-dest ||| O O O O O O B-dest O
O O O O O B-depart O B-leave O ||| O O O O O B-depart O B-leave O
O O O O B-people O O O O ||| O O O O O O O O B-people O O
O O O O O B-dest O B-depart O B-day O O O ||| O O O O O O O O O O B-depart O B-dest O
O O O O O O B-day O ||| O O O O O O B-day O
O O O O O O B-arrive O ||| O O O O O O B-arrive O
O O O O O B-people O O O O O ||| O O O O O B-people O O O O O
O O O O O O O O B-dest O B-leave O B-day O ||| O O O O O O B-day O B-depart O
O O O O O O O O O O O O B-leave O ||| O O O O O B-leave
O O B-people ||| O O O O O O O B-people O
O O O O B-depart O B-dest I-dest I-dest O O O B-arrive O ||| O O O O O O B-depart O O O B-dest I-dest I-dest O O O B-arrive O
O O O O O O O O O O O O B-day O O O ||| O O O O O O O O O O O B-leave O B-day O O O O O O O O
O O O O O B-depart O B-leave ||| O O O B-depart O B-leave
O O O O O O O O O O B-dest I-dest I-dest O O O O O B-day O ||| O O O O O B-day O B-depart I-depart I-depart O
O O O O B-depart I-depart I-depart O B-day O O O O O O B-dest O B-arrive O ||| O O O O O O O O O O B-dest O O O O O O B-arrive O
O O O O O O B-dest O O O B-depart I-depart I-depart O B-day O O O O O O B-arrive ||| O O O O O O B-depart I-depart I-depart O B-dest O B-day O O O O O O B-arrive O
O O O O O O B-dest O B-arrive O ||| O O O O O B-arrive O B-dest O
O O O O O O O O B-depart O B-day ||| O O O O O O O O B-depart O B-day
O O O O O O B-dest I-dest O B-day O ||| O O O O O O B-dest I-dest O B-day O
O O O O O O B-depart O B-day O B-leave O O O B-dest I-dest O O O O B-people O O O O O O O O O O ||| O O O O O O B-depart O B-day O B-leave O O O B-dest I-dest O O O O B-people O O O O O O O O O O
O O O O O O O O O O O O O O O O B-depart O B-day O ||| O O O O O B-depart O B-dest O
O B-day O O O ||| O B-day O O O
O O O O O B-arrive O ||| O O O O O B-arrive O
O O O O B-dest O B-depart O ||| O O O B-depart O B-dest O
O O O O O O B-day O B-leave O ||| O O O O O O B-day O
O O O O O O O B-leave O O O ||| O O O O O B-dest O B-leave O
O O O O B-people O ||| O O O O B-people
O O O O O O O O B-depart O B-dest O ||| O O O O O O O O B-depart O B-dest O
O O O O O O B-dest O O O B-leave O ||| O O O O O B-dest O O O B-leave O
O O O O O O O O O B-leave O ||| O O O O O O O O O O O O O O O O B-leave O
O O O B-depart O B-dest O O O O O O O B-arrive O O O O O B-people O O O O O O O O O ||| O O O O O O O O O O O O O O O O B-stay O O O O O O B-name I-name I-name O
B-day O O O O O O O O B-leave O O O O O O O ||| O O O O O O B-day O O O O O O O O O O O O O O
O O O O O O O O B-depart O B-leave O O ||| O O O O O O O B-dest O B-leave O
O O O B-depart O O O B-dest I-dest O O O O O B-arrive O ||| O O O B-depart O O O B-dest I-dest O O O O O B-arrive O
O O O O O O O O B-dest I-dest I-dest O ||| O O O O O O O O O B-leave I-leave O O O O B-depart I-depart I-depart
O O O O O O O O O O B-depart O O O B-arrive O ||| O O O O O O O O O O O B-dest O B-arrive O
O O O O B-depart O O O O O O O O O O O O O O O ||| O O O O O B-dest I-dest I-dest O B-arrive O
O O O O O B-day O ||| O O O O O B-day O O O O
O O O O O O O O B-day O O O O O O B-arrive O ||| O O O O O O O O B-day O O O B-leave O
O O O O O O O B-arrive O ||| O O O O O B-arrive O O
O O O O O O O B-day O ||| O O O O O O B-day O O
O O O O B-dest I-dest I-dest O B-day O ||| O O O O O O B-dest I-dest I-dest O O O O O B-day O
O O O O B-people O ||| O O O O B-people O O
O O O O O O O O O B-dest I-dest O O O B-arrive O ||| O O O O O O O O O B-dest I-dest O O O B-arrive O
O O O O O O O B-depart I-depart O B-dest O O ||| O O O O O O O B-depart I-depart O B-dest O O
O O O O O O O O O B-day O O O O O B-dest I-dest O ||| O O O O O O O O O B-day O O O O O B-dest I-dest O
O O O O O O O O O O O B-people O O O O O O O O O O ||| O O O O O O O O O O O O B-people O O O O O O O O O O
O O O O O O O O O B-day O ||| O O O O O O O B-day O
O O O O O B-depart O B-dest I-dest I-dest O ||| O O O O O B-depart O B-dest I-dest I-dest O
O O O O O O O O O O O O O O O O O B-day O O O B-dest O ||| O O O O O O O O O O B-depart O B-day O O O B-arrive O B-dest I-dest I-dest O
O O O O O O O B-dest O B-depart O ||| O O O O O O O O O B-depart O O O O O O
O O O O O O O O B-depart O B-leave O ||| O O O O O O O O B-depart O B-leave O
O O O O O O O B-day O ||| O O O O O O O O O O O O O O O O B-day O O O O O O O B-leave O
O O O O O O O O B-day O ||| O O O O O O O O B-day O
O O O O O B-dest O O B-depart O O B-day O ||| O O O O O O B-day O B-depart O O O B-dest O B-arrive O
O O O O O B-day O ||| O O O O O O O B-day O
O O O O O O B-leave O B-depart I-depart I-depart O O O O O O O O O O O B-people O O ||| O O O O O O O O O O O O B-depart O O O B-dest I-dest I-dest O
O O O O O O B-day O O B-depart I-depart I-depart O O O B-dest O B-arrive O ||| O O O O O B-depart O B-leave I-leave O B-day O O O O O B-dest I-dest I-dest O
O O O O O O O B-depart O ||| O O O O O O O B-depart O
O O O O B-depart O O O B-dest O ||| O O O O O B-depart O O O B-dest
O O O O O O O O O O B-arrive O ||| O O O O O O B-depart I-depart O O O O O B-arrive O
O O O O O B-day ||| O O O O B-day O
O O O O O O O B-arrive O B-depart O ||| O O O O O O O B-arrive O B-depart O
O O O O O B-dest O B-day ||| O O O O O B-dest O B-day
O O O O O O O O O O B-day O ||| O O O O O B-day O B-depart O
O O O O B-leave O ||| O O O O O O B-leave O
O O O O O B-depart O B-day O ||| O O O O O B-day O B-depart O
O O O O O O B-dest O O O O O O B-day O O O B-arrive O ||| O O O O O O O O O O O O O B-dest O B-arrive B-day O
O O O O O O B-leave O ||| O O O O O O B-leave O
O O O O O O O O O O O B-people O O O ||| O O O O O O O O O O O B-people O O O
O O O O O B-depart O B-dest O O O ||| O O O O O B-depart O B-dest O O O
O O O O O O O B-dest O B-arrive O ||| O O O O O O B-arrive O B-dest O
O O O O O O O B-people O O O O O O O O ||| O O B-people O O O O O O O O O O O O
O O O O O O O O O O O B-dest O B-day O ||| O O O O O O O O O B-dest O
O O O O O O O O O O O O O O B-dest O O O O O O O ||| O O O O O O O O O O O O O O B-dest O O O O O O O
O O O O O O O O O O O O O B-arrive O O O O O O O O O O ||| O O O O O O O O O O O O O B-arrive O O O O O O O O O O
O O O O B-day O ||| O O O O B-day O
O O O O O O O B-leave O ||| O O O O O O O B-leave O
O O O O O O O O B-day O O O O B-depart O O O B-dest O B-arrive O ||| O O O O O O O O B-day O O O O B-depart O O O B-dest O B-arrive O
O O O O O O B-day O O O O O O O O B-arrive O ||| O O O O O B-day O O O O O B-leave I-leave O
O O O O O O B-day O O O O B-leave O ||| O O O O O O O O O O O B-arrive
O O O B-dest O ||| O O O O B-dest O
O O O O O O B-dest O B-day O ||| O O O O O O O B-depart O B-leave O B-day O
O O O O B-depart I-depart O O O O O B-arrive O O O ||| O O O O B-depart I-depart O O O B-dest O O
O O O O O O B-depart O B-dest O O O O O O O O O O O O O O B-arrive ||| O O O O O O O B-depart O B-dest O B-day O O O O O O B-leave
O O O O O O O O O O O O O O O O O O B-depart I-depart I-depart O B-day O ||| O O O O O O O O O B-day O B-depart O B-dest I-dest I-dest O
O O O O O B-dest O B-arrive O ||| O O O O O B-dest O B-arrive O
O O O O O O B-dest O B-day O ||| O O O O O O B-leave O O O B-dest O
O O O O O O O B-people O O ||| O O O O O O O O B-people O O
O O O O O O B-dest O O O B-depart ||| O O O O O O O B-dest O B-depart O
O O O O O B-dest I-dest O B-day O ||| O O O O O O B-dest I-dest O B-day O
O O O O B-depart O B-dest I-dest O ||| O O O O B-depart I-depart O O O B-dest O
O O O O B-depart O O O B-leave I-leave ||| O O O O O B-arrive O O O O B-depart O O O O O O B-dest O O O O B-day O
O O O O O O O B-depart O B-dest O ||| O O O O O O O B-depart O B-dest O
O O O O O O O O B-depart O O B-arrive O ||| O O O O O O O O B-depart O O B-arrive O
O O O O O B-depart O O O O O O O O B-day O ||| O O O O O B-depart O O O O O O O O B-day O
O O O O O O O O O O O O B-dest O ||| O O O O O O O O O O O O B-dest O
O O O O O O O O B-dest ||| O O O O O O O O O O O B-dest O
O O O O O O O B-dest O ||| O O O O O O B-depart I-depart O
O O O O B-dest O B-depart I-depart I-depart O ||| O O O O O O O O B-depart I-depart I-depart O
O O O B-people O O O O ||| O O O B-people O O O O
O O O O O O O O O O B-dest O O ||| O O O O O O O O O O O O B-dest I-dest I-dest O O O B-arrive
O O O O O O O B-day O ||| O O O O O O B-depart O B-day O
O O O O O B-day O O B-depart O B-dest O O B-arrive ||| O O O O O O B-depart O B-dest O
O O O O O O O O O B-dest O B-depart O ||| O O O O O O O O O B-dest O B-depart O
O O O O O B-day ||| O O O O O B-day O
O O O O O O O O B-depart O B-day O ||| O O O O O B-depart
O O O O B-people O O O O O O ||| O O O O B-people O O O O O O
O O O O O O B-day O O B-leave O O O ||| O O O O O O B-day O O B-leave O O O
O O O O O O O B-dest O O O O O O O O O O O O O O O O O O ||| O O O O O O O O O O O O O O B-dest O
O O O O O O O B-depart I-depart I-depart O O O ||| O O O O O O B-dest I-dest I-dest O
O O O O O O O O O B-depart I-depart I-depart O ||| O O O O O O B-depart I-depart I-depart O B-leave O
O O O O O O B-depart O B-leave O B-day O O B-dest I-dest O ||| O O O O O O B-depart O B-leave O B-day O O B-dest I-dest O
O O O O O O O O B-dest O O O O O O O O O O O ||| O O O O O O O O O O B-arrive O B-dest O
O O O O O O B-arrive O O O ||| O O O O O O B-arrive O B-day O
O O O O O O O O B-dest O O O O O O ||| O O O O O B-depart O B-day O O O O O O O O
O O O O O B-day O O O B-dest I-dest I-dest O ||| O O O O O B-day O O O B-dest I-dest I-dest O
O O O O O B-leave O ||| O O O O O B-leave O
O O O O O O O O O B-dest O B-depart O O O B-arrive O ||| O O O O O O O O O B-dest O B-depart O O O B-arrive O
O O O O O B-depart I-depart I-depart O B-day O O B-leave O O O B-dest ||| O O O O B-depart O O O O O B-dest I-dest I-dest O B-day
O O O O O B-depart O B-dest ||| O O O O O O O O O O O O O O O O O B-depart O B-dest O
O O O O B-people O O O O O O O ||| O O O O B-people O O O O O O O O O O O O
O O O O O O O O B-day O O ||| O O O O O O O O B-day O O
O O O O B-depart I-depart O O O O O O O O O ||| O O O O O B-depart O B-dest I-dest O
B-depart O O O O O O O O O O O B-day O ||| O O O O O B-day O O O O O B-dest O B-arrive
O O O O O O B-day O ||| O O O O O O B-day O
O O O O O B-day O ||| O O O O B-day O
O O O O O B-arrive O O O ||| O O O O O B-arrive O
O O O B-depart O B-dest O ||| O O B-depart O B-dest O
O O O O O O B-dest O O O O O O B-leave ||| O O O O O O B-dest O
O O O O O O O O O O B-depart O B-dest O B-day O O O O O O B-arrive O ||| O O O O O O O O O O B-depart O B-dest O B-day O O O O O O B-arrive O
O O O B-depart O B-day I-day O O O O O O B-leave O ||| O O O B-depart O B-day I-day O O O O O O B-leave O
O O O O O O O O O O O O B-dest I-dest O B-day O O O O O O ||| O O O O O O B-depart I-depart O B-day O
O O O O O B-depart I-depart O B-leave O B-day O ||| O O O O O B-day O B-depart I-depart
O O O O O O O O B-day I-day O O O O O O B-depart I-depart O ||| O O O O O O O O B-day I-day O O O O O O B-depart I-depart O
O O O O O O O B-dest I-dest I-dest O ||| O O O O O B-day O O B-depart I-depart I-depart O O
O O O O O O O O O B-depart O O O O O O B-leave O ||| O O O O O O O O O O B-leave O O O O B-depart O
O O O O B-dest ||| O O O O O B-dest O
O O O O O B-dest O O O B-depart O ||| O O O O O B-depart O B-dest O
O O O O O O O O O O O O O O O O O O O O O B-depart O O O B-dest O O O ||| O O O O O O O O O O O O O O O O O O O O O B-depart O O O B-dest O O O
O O O O O O O O B-leave O ||| O O O O O O O O B-leave O
O O O O B-depart O B-day O O B-dest I-dest O B-arrive ||| O O O O B-depart O B-day O O B-dest I-dest O B-arrive
O O O O B-people O O O O O O O O O O O O O O O O O O O O O ||| O O O O O O O O B-people O O O O O
O O O O O O B-depart O B-leave O O B-dest I-dest I-dest O ||| O O O O O O B-day O O B-depart O O O B-dest I-dest I-dest O O B-leave O
O O O O O O O O O O O B-dest O O O B-arrive ||| O O O O O O O O O O O B-dest O O O B-arrive
O O O O O O O B-depart O B-dest O ||| O O O O O O B-depart O B-dest O
O O O O O O O O O O O O O O O O O O O O B-depart O B-day O ||| O O O O O O O O O O O O O O O O O O O O B-depart O B-day O
O O O O B-dest O B-depart O ||| O O O O B-dest O B-depart O
O B-day O O O O O O O O O B-arrive O ||| O O O O O O O O O B-arrive O
O O O O O B-depart O B-day O O O O O B-people O O ||| B-depart O O O B-people O O O O O
O O O O O O O B-dest O B-depart O ||| O O O O O O O B-depart O B-dest O B-day O
O O O O O O O B-depart O O O B-arrive O ||| O O O O O O O O B-depart O B-leave O
O B-depart O O B-dest O B-day ||| O B-depart O O B-dest O B-day
O O O O O B-depart O B-day O ||| O O O O O B-depart O O O O B-arrive O
O O O O O O B-dest O O O B-leave O O O O O O ||| O O O O O O O O O B-dest O O O O O O O B-arrive O O O O O O O O
O O O O O O O O B-depart O B-dest I-dest I-dest ||| O O O O O B-depart I-depart I-depart O B-dest O
O O O O O B-dest ||| O O O O O O B-dest O
O O O O O O O O B-depart I-depart O ||| O O O O O O O O B-depart I-depart O
O O O O O B-day O O ||| O O O O B-day O
O O O O O B-depart I-depart O B-leave O B-day O ||| O O O O O B-day O B-depart I-depart
O O O O O O O O O B-day O O O O ||| O O O O O O O B-day O
O O O O O B-day O B-depart O ||| O O O O O B-day O B-depart O
O O O O O B-depart ||| O O O O O O O O B-depart O B-day O
O O O O B-depart O O O B-leave O O O O O O B-dest O ||| O O O O B-depart O O O B-leave O O O O O O B-dest O
O O O O B-day O ||| O O O O O B-day O
O O O O O B-depart O B-dest ||| O O O O O B-depart O B-dest O O
O O O O O O O B-depart O B-day O O O O O B-dest O B-arrive ||| O O O O O O O B-depart O O B-dest O O B-day O B-leave
O O O O O B-depart O ||| O O O O O B-depart O
O O O O O B-dest I-dest I-dest O ||| O O O O O B-dest I-dest I-dest O
O O O O O O B-dest I-dest I-dest O ||| O O O O O O O O O O O B-depart I-depart I-depart O
O O O O O O O O B-dest O O O O O B-arrive O O O B-day O ||| O O O O O O O O B-dest O O O O O B-arrive O O O B-day O
O O O O O O O O B-depart O B-leave O ||| O O O O O O O O B-depart O B-leave O
O O O O O O O O O O B-leave O ||| O O O O O B-leave O O O O O O O O O
B-day O O O O O ||| O B-day O
O O O O O O B-people O O ||| O O O O O O O O B-people O O
O O O B-depart I-depart B-leave I-leave O O B-dest O O O O O B-people O O O O O O O O O O ||| O O B-people O O B-depart I-depart O B-dest
O O O O O O O O O B-day O O B-leave O ||| O O O O O O O B-leave O B-day O
O O O O O O B-price I-price O O O O O O O O O O ||| O O O O O O B-price I-price O O O O O O O O O O
O O O O O B-day O O B-depart O B-dest O O B-arrive ||| O O O O O O O O O O O O O O B-dest O
O O O O O B-day O O O O O B-dest O B-arrive ||| O O O O O B-dest O O O O O B-arrive O B-day O
O B-depart O B-dest O ||| O O O O O B-depart O B-dest O O O
O B-depart O B-day O O O O O O B-people O O O O O O O O O O O O ||| O O O O O O O O O B-people O O B-time O O O O O O O B-day O O O O O O O O O O
O O O O O O O B-people O O O B-depart O O O B-dest O B-arrive O ||| O O O O O O O B-people O O O B-depart O O O B-dest O B-arrive O
O O O O O B-leave ||| O O O O O B-leave
O O O O O O O O O O O B-arrive O O O O O O O O O O O O ||| O O O O O O O O O O O O O O O O O O O O B-people I-people I-people I-people O O O
O O O O O O B-day I-day O O O O O O O O B-arrive ||| O O O B-day O O O O O B-arrive O
O O O O O B-depart O B-day O ||| O O O O O B-depart O O O O O
O O O O O O B-dest I-dest ||| O O O O B-dest I-dest O B-day O
O O O O O B-depart O O O O B-dest I-dest I-dest ||| O O O O O B-depart O O O B-dest I-dest I-dest O
O O O O O O O O O B-depart O B-dest O ||| O O O O O B-depart O B-dest O
O O O O O B-depart O B-dest O O O O O B-day O ||| O O B-day O O B-dest O B-depart O
O O O O B-dest O B-depart I-depart O ||| O O O O B-dest O B-depart I-depart O
O O O O O B-dest O B-leave O B-day O ||| O O O O O B-depart O B-day O B-leave
O O O O O O O O O O O O B-depart O B-day O ||| O O O O O O O O B-depart O O O O O O O O O
O O O O O O O O B-depart O B-day ||| O O O O O O O O B-depart O B-day
O O O B-day O ||| O B-day O
B-day O O O O O O O O B-arrive ||| O O O O O O O B-arrive O
O O O O O O O O O B-day O O O O O O B-arrive O O O O O ||| O O O O O O O B-leave O B-day O
O O O O O O O O O O B-depart I-depart I-depart O O O O O B-dest O O O O O O ||| O O O O O B-depart O O O O B-dest I-dest I-dest
O O O O O O O O B-day O O O B-dest O ||| O O O O O O O O B-day O O O B-dest O
O O O O O O O O O B-dest O B-leave O ||| O O O O O O O O O B-dest O B-leave O
O O O O O B-depart O B-dest O O O O B-arrive I-arrive I-arrive O O O O O O O O ||| O O O O O B-depart O B-dest O O O O B-arrive I-arrive I-arrive O O O O O O O O
O O O O O O O O O B-depart O O B-day O ||| O O O O O O O O O B-depart O
O O O O O B-dest O B-depart I-depart I-depart O ||| O O O O O B-depart O O O B-dest I-dest I-dest O
O O O O O O O O O O B-day O B-depart I-depart I-depart O ||| O O O O O O O O O O B-day O B-depart I-depart I-depart O
O O O O O O O B-dest I-dest I-dest O ||| O O O O O O O O B-depart I-depart I-depart O B-day
O O O O O O O B-depart O O O B-arrive O ||| O O O O O O O B-depart O O O B-arrive O
O O O O O O O O O B-depart O B-dest O ||| O O O O O O O O O B-dest O B-depart O B-day O
O O O O O B-depart O O O B-dest O B-arrive O ||| O O O O O O B-day O B-depart O O O O O B-arrive O
O O O O O O O B-day O B-leave O ||| O O O O O O O B-day O B-leave O
O O O O O B-dest O O B-depart I-depart O ||| O O O O O B-depart O B-dest I-dest O
O O O O O B-depart O O O ||| O O O O O B-depart O O O
O O O O O O B-day O O B-depart I-depart I-depart O O O B-dest O B-arrive O ||| O O O O O O O O O O B-depart O B-dest I-dest I-dest O B-day O O O O O O O O O
O O O B-people O O O ||| O O O B-people O O
O O O O O O O O B-depart I-depart I-depart O O B-arrive O ||| O O O O O O O O B-depart O O O B-dest I-dest I-dest O
B-depart O O O O O O O O O O O B-day O ||| O O O O O B-depart O B-day O
O O O O O O O O O O O O O O O O O O O O O B-people O O O ||| O O O O O O O O O O O O O O O O O O O O O B-people O O O
O O O O O B-depart O O O ||| O O O O O B-depart O
O O O O O B-day O B-depart O ||| O O O O O B-day O B-depart O
O O O O O O O O O O O B-leave ||| O O O O O O O O O O O B-leave
O O O O O O O O B-day O O O O B-dest O ||| O O O O O B-depart O B-day O
O O O O O O B-depart O ||| O O O O O O B-depart O
O O O O O O B-leave ||| O O O O O O B-leave O
O O O O O O O B-depart I-depart O O O B-dest O ||| O O O O O O O O B-depart O O B-dest I-dest O
O O O O O O B-day O ||| O O O O O O B-day O
O O B-day O O B-leave ||| O O O O O O O O B-people O O B-time O B-day O
O O O O O O O O O O O O B-depart O B-dest I-dest I-dest O O O O O O O O O ||| O O O O O O O O B-dest I-dest I-dest O B-depart O
O O O O O O O O O B-day O ||| O O O O O O O B-day O
O O O O O O O O O B-dest O O ||| O O O O O O O O O B-dest O O
O O O O O O O B-depart O B-dest O B-day O ||| O O O O O O O B-depart O B-dest O B-day O
O O O O O O B-leave O ||| O O O O O O B-leave O
