O O O O O O O O O B-dest I-dest O ||| O O O O O O O O O B-day O O O O O O
O O O O O O B-depart O ||| O O O O O O B-dest O
O O O O O O O O O B-dest I-dest O ||| O O O O O O O B-depart O B-dest O
O O O O O O O B-people O ||| O O O O O O O B-people O
O O O O O O B-depart O B-dest I-dest ||| O O O O O O O O O B-day O O O O O O
O O O O B-dest O ||| O O O O O B-dest O
O O O O O B-dest O O O ||| O O O O O O B-dest O
O O O O B-depart O B-day O ||| O O O O O B-dest O
O O O O O B-dest O ||| O O O O O B-dest O O O
O O O O O O O O O O B-dest I-dest O ||| O O O O O O O O O B-dest I-dest O
O O O O O O O O O B-dest I-dest O ||| O O O O O O O B-depart O B-dest O
O O O O O O O O O O B-dest I-dest O ||| O O O O O O O O O B-dest I-dest O
O O O O O O B-depart O B-dest I-dest ||| O O O O O O O O O O B-dest I-dest O
O O O O O O O O B-dest O O O O O O ||| O O O O O O O O O B-dest I-dest O
O O O O O O O O O B-dest I-dest O ||| O O O O O O O O O O B-dest I-dest O
O O O O O B-dest O ||| O O O O B-dest O
O O O O B-people O B-day O ||| O O O O B-dest O B-day O
O O O O O O O B-depart O B-dest O ||| O O O O O O O O O B-dest O B-day O
O O O O O B-dest O ||| O O O O B-dest O B-day O
O O O O O B-dest O O O ||| O O O O B-depart I-depart I-depart O O O B-dest O
O O O O O O B-depart O B-dest I-dest ||| O O O O O O O O O B-dest I-dest O
O O O O O O O O O B-dest I-dest O ||| O O O O O O O O B-depart O B-day O O O
O O O O O O O O O B-dest I-dest O ||| O O O O O O O O O B-day O O O O O O
O O O O O O O O O O B-dest I-dest O ||| O O O O O O O O O B-dest I-dest O
O O O O O B-day O ||| O O O O O B-day O
O O O O O O O O O O B-dest I-dest O ||| O O O O O O O O O B-dest I-dest O
O O O O O O O O O B-dest I-dest O ||| O O O O O O O B-depart O B-dest O
O O O O O B-dest O ||| O O O O O B-depart O O O
O O O O O B-dest O O O ||| O O O O O O O O O B-dest I-dest O
O O O O O O O O O B-dest I-dest O ||| O O O O O B-depart I-depart O O O B-dest
O O O O O B-dest O ||| O O O O O B-dest O O O
O O O O B-dest O ||| O O O O O B-dest O O O
O O O O O O O O O O O B-depart O O ||| O O O O O O O B-depart O B-dest O
O O O O O B-dest O ||| O O O O B-depart O B-dest
O O O O O B-depart O O O O O O O B-dest O ||| O O O O O B-dest O
O O O O O B-dest O O O ||| O O O O B-dest O
B-day O O O O ||| O O O O O O O B-people O
O O O O O B-day O ||| O O O O O B-day O O O O O O O B-dest O
O O O O O B-dest O ||| O O O O B-dest I-dest
O O O O O B-dest O O B-day I-day O O O O O O O ||| O O O O B-depart O B-day O
O O O O O B-day O ||| O O O O O B-day O
O O O O O O B-dest O ||| O O O O O O B-dest O
O O O O O O O B-people O ||| O O O O O O O B-people O
O O O O O B-dest O ||| O O O O O B-dest O O O
O O O O O O O O O B-dest I-dest O ||| O O O O O O O B-depart O B-dest O
O O O O O O O O O B-dest I-dest O ||| O O O O O O O B-depart O B-dest O
O O O O O O B-depart O B-dest I-dest ||| O O O O O O O B-depart O B-dest O
O O O O O B-dest O O O ||| O O O O O B-depart O B-dest I-dest O
O O O O B-depart O B-dest ||| O O O O O B-dest O
O O O O O O O O O B-dest I-dest O ||| O O O O O O B-dest O
